# Time-averaged data for fix fFEP
# TimeStep c_cFEP[1] c_cFEP[2]
30 1.48052 0.095344
60 -1.1562 7.24772
90 -2.25317 49.5845
120 -4.23124 2324.14
150 -5.13729 6172.61
180 -7.11678 158853
210 -9.25487 5.6405e+06
240 -9.18854 5.09522e+06
270 -10.1707 3.54955e+07
300 -11.0579 1.36866e+08
