# Time-averaged data for fix fFEP
# TimeStep c_cFEP[1] c_cFEP[2]
30 1.99105 0.0404927
60 0.409437 0.524396
90 0.333532 0.6471
120 -0.623469 5.47087
150 -0.508445 2.62078
180 -1.46687 12.1654
210 -2.58389 77.9138
240 -1.49649 12.6949
270 -1.4576 15.9517
300 -1.32374 11.0942
