# Time-averaged data for fix fFEP
# TimeStep c_cFEP[1] c_cFEP[2] c_cFEP[3]
30 1.9917 0.0404554 6566.19
60 0.411138 0.522727 6560.98
90 0.346278 0.634868 6555.45
120 -0.627023 5.48115 6552.95
150 -0.511426 2.6407 6561.18
180 -1.44701 11.802 6569.15
210 -2.55653 74.5836 6565.84
240 -1.4768 12.3219 6539.75
270 -1.49035 17.1877 6493.93
300 -1.17335 8.68426 6452.14
